avi=video/x-msvideo
au=audio/basic
aif=audio/x-aiff
aiff=audio/x-aiff
aifc=audio/x-aiff
ai=application/postscript
bin=application/octet-stream
bcpio=application/x-bcpio
bmp=image/bmp
cpio=application/x-cpio
csh=application/x-csh
cdf=application/x-netcdf
doc=application/msword
dvi=application/x-dvi
eps=application/postscript
etx=text/x-setext
fli=video/x-fli
flr=x-world/x-vrml
gtar=application/x-gtar
gif=image/gif
hdf=application/x-hdf
html=text/html
htm=text/html
ief=image/ief
jpg=image/jpeg
jpeg=image/jpeg
jpe=image/jpeg
latex=application/x-latex
log=text/plain
mif=application/x-mif
man=application/x-troff-man
me=application/x-troff-me
ms=application/x-troff-ms
mpg=video/mpeg
mpeg=video/mpeg
mpe=video/mpeg
mov=video/quicktime
movie=video/x-sgi-movie
mht=message/rfc822
mpp=application/vnd.ms-project
nc=application/x-netcdf
oda=application/oda
pdf=application/pdf
ps=application/postscript
pnm=image/x-portable-anymap
pbm=image/x-portable-bitmap
pgm=image/x-portable-graymap
ppm=image/x-portable-pixmap
qt=video/quicktime
rtf=application/rtf
roff=application/x-troff
ras=image/x-cmu-raster
rgb=image/x-rgb
rtx=text/richtext
sh=application/x-sh
src=application/x-wais-source
shar=application/x-shar
sv4cpio=application/x-sv4cpio
sv4crc=application/x-sv4crc
snd=audio/basic
sgml=text/x-sgml
sgm=text/x-sgml
tcl=application/x-tcl
tex=application/x-tex
texti=application/x-texinfo
textinfo=application/x-texinfo
tr=application/x-troff
tar=application/x-tar
troff=application/x-troff
tiff=image/tiff
txt=text/plain
tif=image/tiff
tsv=text/tab-separated-values
ustar=application/x-ustar
wp=application/wordperfect5.1
wav=audio/x-wav
wrl=x-world/x-vrml
wrz=x-world/x-vrml
xbm=image/x-xbitmap
xpm=image/x-xpixmap
xwd=image/x-xwindowdump
xls=application/vnd.ms-excel
zip=application/zip








